0.0000	0.0000
0.0417	0.0000
0.4374	19.9733
0.4791	19.9733
0.8748	39.8041
0.9165	39.8041
1.3122	59.8111
1.3539	59.8111
1.7496	79.8335
1.7913	79.8335
2.1870	99.6853
2.2287	99.6853
2.6244	119.6046
2.6661	119.6046
3.0618	139.6966
3.1035	139.6966
3.4992	159.6316
3.5409	159.6316
3.9366	179.7947
3.9783	179.7947
4.3740	199.9422
4.4157	199.9422
4.8114	219.7738
4.8531	219.7738
5.2488	239.9907
