0.0000	10000.0000
0.0417	9980.0000
0.4374	9980.0000
0.4791	9960.0000
0.8748	9960.0000
0.9165	9940.0000
1.3122	9940.0000
1.3539	9920.0000
1.7496	9920.0000
1.7913	9900.0000
2.1870	9900.0000
2.2287	9880.0000
2.6244	9880.0000
2.6661	9860.0000
3.0618	9860.0000
3.1035	9840.0000
3.4992	9840.0000
3.5409	9820.0000
3.9366	9820.0000
3.9783	9800.0000
4.3740	9800.0000
4.4157	9780.0000
4.8114	9780.0000
4.8531	9760.0000
5.2488	9760.0000
