0.0000	0.0000
0.0417	20.0000
0.4374	20.0000
0.4791	40.0000
0.8748	40.0000
0.9165	60.0000
1.3122	60.0000
1.3539	80.0000
1.7496	80.0000
1.7913	100.0000
2.1870	100.0000
2.2287	120.0000
2.6244	120.0000
2.6661	140.0000
3.0618	140.0000
3.1035	160.0000
3.4992	160.0000
3.5409	180.0000
3.9366	180.0000
3.9783	200.0000
4.3740	200.0000
4.4157	220.0000
4.8114	220.0000
4.8531	240.0000
5.2488	240.0000
