0.0833	20.0000	0
0.4790	19.7500	1
0.5623	20.0000	0
0.9580	19.7500	1
1.0413	20.0000	0
1.4370	19.7500	1
1.5203	20.0000	0
1.9160	19.7500	1
1.9993	20.0000	0
2.3950	19.7500	1
2.4783	20.0000	0
2.8740	19.7500	1
2.9573	20.0000	0
3.3530	19.7500	1
3.4363	20.0000	0
3.8320	19.7500	1
3.9153	20.0000	0
4.3110	19.7500	1
4.3943	20.0000	0
4.7900	19.7500	1
4.8733	20.0000	0
5.2690	19.7500	1
