1	0	0.1500	0.0000	0.0000
1	0	0.1500	0.0000	0.0417
