0.0000	0
0.0417	0
0.0833	0
0.4374	1
0.4790	1
0.5207	1
0.5623	1
0.9164	2
0.9580	2
0.9997	2
1.0413	2
1.3954	3
1.4370	3
1.4787	3
1.5203	3
1.8744	4
1.9160	4
1.9577	4
1.9993	4
2.3534	5
2.3950	5
2.4367	5
2.4783	5
2.8324	6
2.8740	6
2.9157	6
2.9573	6
3.3114	7
3.3530	7
3.3947	7
3.4363	7
3.7904	8
3.8320	8
3.8737	8
3.9153	8
4.2694	9
4.3110	9
4.3527	9
4.3943	9
4.7484	10
4.7900	10
4.8317	10
4.8733	10
5.2274	11
5.2690	11
