0.0000	1
0.0417	1
0.0833	1
0.4374	1
0.4790	1
0.5207	2
0.5623	2
0.9164	2
0.9580	2
0.9997	3
1.0413	3
1.3954	3
1.4370	3
1.4787	4
1.5203	4
1.8744	4
1.9160	4
1.9577	5
1.9993	5
2.3534	5
2.3950	5
2.4367	6
2.4783	6
2.8324	6
2.8740	6
2.9157	7
2.9573	7
3.3114	7
3.3530	7
3.3947	8
3.4363	8
3.7904	8
3.8320	8
3.8737	9
3.9153	9
4.2694	9
4.3110	9
4.3527	10
4.3943	10
4.7484	10
4.7900	10
4.8317	11
4.8733	11
5.2274	11
5.2690	11
