0.0000	0.0000
0.0417	20.0000
0.4374	19.7727
0.4791	20.0000
0.8748	19.5740
0.9165	20.0000
1.3122	19.6333
1.3539	20.0000
1.7496	19.8898
1.7913	20.0000
2.1870	19.7615
2.2287	20.0000
2.6244	19.9929
2.6661	20.0000
3.0618	19.6708
3.1035	20.0000
3.4992	19.6011
3.5409	20.0000
3.9366	19.5764
3.9783	20.0000
4.3740	19.9611
4.4157	20.0000
4.8114	19.7391
4.8531	20.0000
5.2488	19.7363
