1	0	0	0.0000
1	0	0	0.0417
1	1	0	0.4374
2	1	0	0.4791
2	2	0	0.8748
3	2	0	0.9165
3	3	0	1.3122
4	3	0	1.3539
4	4	0	1.7496
5	4	0	1.7913
5	5	0	2.1870
6	5	0	2.2287
6	6	0	2.6244
7	6	0	2.6661
7	7	0	3.0618
8	7	0	3.1035
8	8	0	3.4992
9	8	0	3.5409
9	9	0	3.9366
10	9	0	3.9783
10	10	0	4.3740
11	10	0	4.4157
11	11	0	4.8114
12	11	0	4.8531
12	12	0	5.2488
